// Jest Snapshot v1, https://goo.gl/fbAQLP

exports[`<Main /> should render main page 1`] = `
<div>
  <div />
</div>
`;
